2026/08/30 10:35:48 authors: max id 1553512
2026/08/30 10:37:46 authors: 8.0% (6600 rows, daily remaining 4654)
2026/08/30 10:39:52 authors: 16.1% (19100 rows, daily remaining 4529)
2026/08/30 10:41:57 authors: 24.1% (31600 rows, daily remaining 4404)
2026/08/30 10:44:00 authors: 32.2% (44100 rows, daily remaining 4278)
2026/08/30 10:46:06 authors: 40.2% (56600 rows, daily remaining 4152)
2026/08/30 10:48:12 authors: 48.3% (69100 rows, daily remaining 4027)
2026/08/30 10:50:17 authors: 56.3% (81600 rows, daily remaining 3902)
2026/08/30 10:52:22 authors: 64.4% (94100 rows, daily remaining 3776)
2026/08/30 10:54:31 authors: 72.4% (106600 rows, daily remaining 3650)
2026/08/30 10:56:36 authors: 80.5% (119100 rows, daily remaining 3525)
2026/08/30 10:58:39 authors: 88.5% (131501 rows, daily remaining 3400)
2026/08/30 11:00:45 authors: 96.6% (144001 rows, daily remaining 3275)
2026/08/30 11:01:43 authors: seed complete (149401 rows this run)
2026/08/30 11:01:44 series: max id 300634
2026/08/30 11:03:47 series: 41.6% (12425 rows, daily remaining 3093)
2026/08/30 11:05:52 series: 83.2% (24925 rows, daily remaining 2967)
2026/08/30 11:06:50 series: seed complete (30025 rows this run)
2026/08/30 11:06:51 books: max id 2905085
2026/08/30 11:08:55 books: 2.2% (62499 rows, daily remaining 2786)
2026/08/30 11:10:59 books: 4.3% (124999 rows, daily remaining 2661)
2026/08/30 11:13:09 books: 6.5% (187499 rows, daily remaining 2535)
2026/08/30 11:15:15 books: 8.6% (249999 rows, daily remaining 2409)
2026/08/30 11:17:20 books: 10.8% (312499 rows, daily remaining 2284)
2026/08/30 11:19:24 books: 12.9% (374999 rows, daily remaining 2159)
2026/08/30 11:21:29 books: 15.1% (396895 rows, daily remaining 2033)
2026/08/30 11:23:34 books: 17.2% (458891 rows, daily remaining 1907)
2026/08/30 11:25:41 books: 19.4% (520941 rows, daily remaining 1782)
2026/08/30 11:27:46 books: 21.5% (583128 rows, daily remaining 1657)
2026/08/30 11:29:50 books: 23.7% (644825 rows, daily remaining 1532)
2026/08/30 11:31:57 books: 25.8% (706534 rows, daily remaining 1406)
2026/08/30 11:34:03 books: 28.0% (768481 rows, daily remaining 1280)
2026/08/30 11:36:08 books: 30.1% (830481 rows, daily remaining 1155)
2026/08/30 11:38:13 books: 32.3% (892639 rows, daily remaining 1030)
2026/08/30 11:40:18 books: 34.4% (954405 rows, daily remaining 905)
2026/08/30 11:42:24 books: 36.6% (1015659 rows, daily remaining 779)
2026/08/30 11:44:29 books: 38.7% (1077780 rows, daily remaining 653)
2026/08/30 11:46:36 books: 40.9% (1139904 rows, daily remaining 528)
2026/08/30 11:48:41 books: 43.0% (1202060 rows, daily remaining 403)
2026/08/30 11:50:47 books: 45.2% (1264312 rows, daily remaining 278)
2026/08/30 11:52:52 books: 47.3% (1326099 rows, daily remaining 152)
2026/08/30 11:53:48 stopping: books range [1402500,1405000): hardcover daily request budget exhausted (resets in 8h6m0s); progress is checkpointed, rerun tomorrow to resume
